// Vitest Snapshot v1

exports[`Testing Header Component > 正しくHeaderコンポーネントが表示されていること 1`] = `
<header
  class="header"
  data-v-e8a0fba6=""
>
  <h1
    class="header__title"
    data-v-e8a0fba6=""
  >
    <a
      data-test-id="title-link"
      data-v-e8a0fba6=""
    >
       FilmVue 
    </a>
  </h1>
  <nav
    data-v-e8a0fba6=""
  >
    <ul
      class="header__list"
      data-v-e8a0fba6=""
    >
      
      <li
        data-v-e8a0fba6=""
      >
        <a
          class="text-link -secondary"
          data-v-8475e6b2=""
          data-v-e8a0fba6=""
          href="#"
        >
          AAA
        </a>
      </li>
      <li
        data-v-e8a0fba6=""
      >
        <a
          class="text-link -secondary"
          data-v-8475e6b2=""
          data-v-e8a0fba6=""
          href="#"
        >
          BBB
        </a>
      </li>
      <li
        data-v-e8a0fba6=""
      >
        <a
          class="text-link -secondary"
          data-v-8475e6b2=""
          data-v-e8a0fba6=""
          href="#"
        >
          CCC
        </a>
      </li>
      
    </ul>
  </nav>
</header>
`;
